// Jest Snapshot v1, https://goo.gl/fbAQLP

exports[`Typography matches snapshot with custom props 1`] = `
<Text
  style={
    [
      {
        "fontFamily": "System",
      },
      {
        "fontSize": 28,
        "lineHeight": 34,
      },
      {
        "textAlign": "center",
      },
      {
        "color": "#FF0000",
        "fontWeight": "700",
      },
      undefined,
    ]
  }
>
  Custom Snapshot
</Text>
`;

exports[`Typography matches snapshot with default props 1`] = `
<Text
  style={
    [
      {
        "fontFamily": "System",
      },
      {
        "fontSize": 16,
        "lineHeight": 24,
      },
      {
        "textAlign": "left",
      },
      {
        "color": "#5C605E",
        "fontWeight": "400",
      },
      undefined,
    ]
  }
>
  Snapshot Test
</Text>
`;
